// 重构日志: d3159d67
// 重构日志: 3555204d
// 重构日志: e4a2876d
// 重构日志: 0d7b89aa
// 重构日志: 923c8fcc
// 同步 ID: 3e88c194 @ Tue Jul 21 14:52:43 UTC 2026
// 同步 ID: 7f3c3359 @ Wed Jul 22 05:41:37 UTC 2026
// 重构日志: 42ca7437
// 重构日志: d081c28e
// 重构日志: 8286e801
// 重构日志: d49fe35f
// 重构日志: 8abacec7
// 重构日志: 5eefbe91
// 同步 ID: 5782a045 @ Thu Jul 23 22:54:27 UTC 2026
// 重构日志: 722251bd
// 同步 ID: 75bfa52f @ Fri Jul 24 15:21:17 UTC 2026
// 重构日志: 9173c1e8
// 重构日志: 4a4aca27
// 重构日志: 37543413
// 重构日志: 79cfaaaf
// 重构日志: b2502701
// 重构日志: 334b5911
// 重构日志: 77cc5a54
// 同步 ID: e37cce18 @ Tue Jul 28 05:08:19 UTC 2026
// 重构日志: 72be1d9f
// 同步 ID: 06e2b1b7 @ Tue Jul 28 12:48:27 UTC 2026
// 同步 ID: 8aac3e10 @ Wed Jul 29 08:54:50 UTC 2026
// 重构日志: 82e9ff1c
// 重构日志: 1e91013e
// 同步 ID: 3865e907 @ Thu Jul 30 01:39:24 UTC 2026
